[dotenv@17.3.1] injecting env (6) from .env.local -- tip: 馃攼 encrypt with Dotenvx: https://dotenvx.com

--- Testing gemini-2.5-pro ---
[gemini-2.5-pro] Final Text: 濂界殑锛屾垜鍙互甯綘鍒涘缓涓€涓槑澶╃殑鏃ョ▼锛屼絾鏃犳硶璁剧疆鍏蜂綋鐨勬椂闂淬€傝闂渶瑕佹垜涓轰綘鍒涘缓涓€涓槑澶╃殑鏃ョ▼鍚楋紵
[gemini-2.5-pro] Steps length: 1
Step 0 tool calls: []

--- Testing gemini-3-flash-preview ---
[gemini-3-flash-preview] TOOL EXECUTED: {}
[gemini-3-flash-preview] Final Text: 
[gemini-3-flash-preview] Steps length: 1
Step 0 tool calls: [ 'test_tool' ]
